#
# There is insufficient memory for the Java Runtime Environment to continue.
# Native memory allocation (mmap) failed to map 65536 bytes. Error detail: Failed to commit metaspace.
# Possible reasons:
#   The system is out of physical RAM or swap space
#   This process is running with CompressedOops enabled, and the Java Heap may be blocking the growth of the native heap
# Possible solutions:
#   Reduce memory load on the system
#   Increase physical memory or swap space
#   Check if swap backing store is full
#   Decrease Java heap size (-Xmx/-Xms)
#   Decrease number of Java threads
#   Decrease Java thread stack sizes (-Xss)
#   Set larger code cache with -XX:ReservedCodeCacheSize=
#   JVM is running with Unscaled Compressed Oops mode in which the Java heap is
#     placed in the first 4GB address space. The Java Heap base address is the
#     maximum limit for the native heap growth. Please use -XX:HeapBaseMinAddress
#     to set the Java Heap base and to place the Java Heap above 4GB virtual address.
# This output file may be truncated or incomplete.
#
#  Out of Memory Error (virtualSpaceNode.cpp:113), pid=13152, tid=10556
#
# JRE version: OpenJDK Runtime Environment Temurin-21.0.9+10 (21.0.9+10) (build 21.0.9+10-LTS)
# Java VM: OpenJDK 64-Bit Server VM Temurin-21.0.9+10 (21.0.9+10-LTS, mixed mode, sharing, tiered, compressed oops, compressed class ptrs, parallel gc, windows-amd64)
# No core dump will be written. Minidumps are not enabled by default on client versions of Windows
#

---------------  S U M M A R Y ------------

Command Line: --add-modules=ALL-SYSTEM --add-opens=java.base/java.util=ALL-UNNAMED --add-opens=java.base/java.lang=ALL-UNNAMED --add-opens=java.base/sun.nio.fs=ALL-UNNAMED -Declipse.application=org.eclipse.jdt.ls.core.id1 -Dosgi.bundles.defaultStartLevel=4 -Declipse.product=org.eclipse.jdt.ls.core.product -Djava.import.generatesMetadataFilesAtProjectRoot=false -DDetectVMInstallationsJob.disabled=true -Dfile.encoding=utf8 -XX:+UseParallelGC -XX:GCTimeRatio=4 -XX:AdaptiveSizePolicyWeight=90 -Dsun.zip.disableMemoryMapping=true -Xmx2G -Xms100m -Xlog:disable -javaagent:c:\Users\aymna\.vscode\extensions\redhat.java-1.50.0-win32-x64\lombok\lombok-1.18.39-4050.jar -XX:+HeapDumpOnOutOfMemoryError -XX:HeapDumpPath=c:\Users\aymna\AppData\Roaming\Code\User\workspaceStorage\ec07a277240995c18f3b06316e893f1d\redhat.java -Daether.dependencyCollector.impl=bf c:\Users\aymna\.vscode\extensions\redhat.java-1.50.0-win32-x64\server\plugins\org.eclipse.equinox.launcher_1.7.100.v20251111-0406.jar -configuration c:\Users\aymna\AppData\Roaming\Code\User\globalStorage\redhat.java\1.50.0\config_win -data c:\Users\aymna\AppData\Roaming\Code\User\workspaceStorage\ec07a277240995c18f3b06316e893f1d\redhat.java\jdt_ws --pipe=\\.\pipe\lsp-f804f3ea2d58e89e678af47eaef509f4-sock

Host: Intel(R) Core(TM) i7-6600U CPU @ 2.60GHz, 4 cores, 15G,  Windows 10 , 64 bit Build 19041 (10.0.19041.5915)
Time: Thu Dec 25 23:44:55 2025 Egypt Standard Time elapsed time: 2.634225 seconds (0d 0h 0m 2s)

---------------  T H R E A D  ---------------

Current thread (0x0000025f8cd26670):  JavaThread "main"             [_thread_in_vm, id=10556, stack(0x000000c3c1800000,0x000000c3c1900000) (1024K)]

Stack: [0x000000c3c1800000,0x000000c3c1900000]
Native frames: (J=compiled Java code, j=interpreted, Vv=VM code, C=native code)
V  [jvm.dll+0x6d6e29]
V  [jvm.dll+0x8b4b76]
V  [jvm.dll+0x8b712e]
V  [jvm.dll+0x8b7813]
V  [jvm.dll+0x283d86]
V  [jvm.dll+0x8b08be]
V  [jvm.dll+0x678824]
V  [jvm.dll+0x1e80ab]
V  [jvm.dll+0x1e7e6e]
V  [jvm.dll+0x67b122]
V  [jvm.dll+0x67af52]
V  [jvm.dll+0x6791fe]
V  [jvm.dll+0x26f054]
V  [jvm.dll+0x219d5f]
V  [jvm.dll+0x20f44e]
V  [jvm.dll+0x5b5a0f]
V  [jvm.dll+0x82dee6]
V  [jvm.dll+0x478438]
V  [jvm.dll+0x47e268]
C  [java.dll+0x17ec]

Java frames: (J=compiled Java code, j=interpreted, Vv=VM code)
j  java.lang.ClassLoader.defineClass1(Ljava/lang/ClassLoader;Ljava/lang/String;[BIILjava/security/ProtectionDomain;Ljava/lang/String;)Ljava/lang/Class;+0 java.base@21.0.9
j  java.lang.ClassLoader.defineClass(Ljava/lang/String;[BIILjava/security/ProtectionDomain;)Ljava/lang/Class;+27 java.base@21.0.9
j  java.security.SecureClassLoader.defineClass(Ljava/lang/String;[BIILjava/security/CodeSource;)Ljava/lang/Class;+12 java.base@21.0.9
j  jdk.internal.loader.BuiltinClassLoader.defineClass(Ljava/lang/String;Ljdk/internal/loader/Resource;)Ljava/lang/Class;+117 java.base@21.0.9
j  jdk.internal.loader.BuiltinClassLoader.findClassOnClassPathOrNull(Ljava/lang/String;)Ljava/lang/Class;+37 java.base@21.0.9
j  jdk.internal.loader.BuiltinClassLoader.loadClassOrNull(Ljava/lang/String;Z)Ljava/lang/Class;+111 java.base@21.0.9
j  jdk.internal.loader.BuiltinClassLoader.loadClass(Ljava/lang/String;Z)Ljava/lang/Class;+3 java.base@21.0.9
j  jdk.internal.loader.ClassLoaders$AppClassLoader.loadClass(Ljava/lang/String;Z)Ljava/lang/Class;+36 java.base@21.0.9
j  java.lang.ClassLoader.loadClass(Ljava/lang/String;)Ljava/lang/Class;+3 java.base@21.0.9
v  ~StubRoutines::call_stub 0x0000025f9970100d
j  java.lang.Class.forName0(Ljava/lang/String;ZLjava/lang/ClassLoader;Ljava/lang/Class;)Ljava/lang/Class;+0 java.base@21.0.9
j  java.lang.Class.forName(Ljava/lang/String;ZLjava/lang/ClassLoader;Ljava/lang/Class;)Ljava/lang/Class;+37 java.base@21.0.9
j  java.lang.Class.forName(Ljava/lang/String;ZLjava/lang/ClassLoader;)Ljava/lang/Class;+20 java.base@21.0.9
j  sun.launcher.LauncherHelper.loadMainClass(ILjava/lang/String;)Ljava/lang/Class;+95 java.base@21.0.9
j  sun.launcher.LauncherHelper.checkAndLoadMain(ZILjava/lang/String;)Ljava/lang/Class;+42 java.base@21.0.9
v  ~StubRoutines::call_stub 0x0000025f9970100d

---------------  P R O C E S S  ---------------

Threads class SMR info:
_java_thread_list=0x0000025fe77b8d50, length=12, elements={
0x0000025f8cd26670, 0x0000025f8eeae400, 0x0000025f8eeafd00, 0x0000025f8eeb1600,
0x0000025f8eeb2510, 0x0000025f8eeb6460, 0x0000025f8eeb6eb0, 0x0000025f8eeb7ce0,
0x0000025f8ef28ca0, 0x0000025fe76884d0, 0x0000025fe77c7bd0, 0x0000025fe78d8090
}

Java Threads: ( => current thread )
=>0x0000025f8cd26670 JavaThread "main"                              [_thread_in_vm, id=10556, stack(0x000000c3c1800000,0x000000c3c1900000) (1024K)]
  0x0000025f8eeae400 JavaThread "Reference Handler"          daemon [_thread_blocked, id=1188, stack(0x000000c3c1c00000,0x000000c3c1d00000) (1024K)]
  0x0000025f8eeafd00 JavaThread "Finalizer"                  daemon [_thread_blocked, id=11984, stack(0x000000c3c1d00000,0x000000c3c1e00000) (1024K)]
  0x0000025f8eeb1600 JavaThread "Signal Dispatcher"          daemon [_thread_blocked, id=17068, stack(0x000000c3c1e00000,0x000000c3c1f00000) (1024K)]
  0x0000025f8eeb2510 JavaThread "Attach Listener"            daemon [_thread_blocked, id=13136, stack(0x000000c3c1f00000,0x000000c3c2000000) (1024K)]
  0x0000025f8eeb6460 JavaThread "Service Thread"             daemon [_thread_blocked, id=14260, stack(0x000000c3c2000000,0x000000c3c2100000) (1024K)]
  0x0000025f8eeb6eb0 JavaThread "Monitor Deflation Thread"   daemon [_thread_blocked, id=3324, stack(0x000000c3c2100000,0x000000c3c2200000) (1024K)]
  0x0000025f8eeb7ce0 JavaThread "C2 CompilerThread0"         daemon [_thread_blocked, id=16128, stack(0x000000c3c2200000,0x000000c3c2300000) (1024K)]
  0x0000025f8ef28ca0 JavaThread "C1 CompilerThread0"         daemon [_thread_blocked, id=16300, stack(0x000000c3c2300000,0x000000c3c2400000) (1024K)]
  0x0000025fe76884d0 JavaThread "Common-Cleaner"             daemon [_thread_blocked, id=8268, stack(0x000000c3c2400000,0x000000c3c2500000) (1024K)]
  0x0000025fe77c7bd0 JavaThread "Notification Thread"        daemon [_thread_blocked, id=12864, stack(0x000000c3c2500000,0x000000c3c2600000) (1024K)]
  0x0000025fe78d8090 JavaThread "C2 CompilerThread1"         daemon [_thread_in_native, id=6236, stack(0x000000c3c2600000,0x000000c3c2700000) (1024K)]
Total: 12

Other Threads:
  0x0000025f8f080770 VMThread "VM Thread"                           [id=12880, stack(0x000000c3c1b00000,0x000000c3c1c00000) (1024K)]
  0x0000025f8f02dc80 WatcherThread "VM Periodic Task Thread"        [id=15604, stack(0x000000c3c1a00000,0x000000c3c1b00000) (1024K)]
  0x0000025f8efe01f0 WorkerThread "GC Thread#0"                     [id=12120, stack(0x000000c3c1900000,0x000000c3c1a00000) (1024K)]
Total: 3

Threads with active compile tasks:
C2 CompilerThread1  2779  726       4       lombok.patcher.scripts.MethodLevelPatchScript::patch (21 bytes)
Total: 1

VM state: not at safepoint (normal execution)

VM Mutex/Monitor currently owned by a thread:  ([mutex/lock_event])
[0x00007ffc6f24b4f0] Metaspace_lock - owner thread: 0x0000025f8cd26670

Heap address: 0x0000000080000000, size: 2048 MB, Compressed Oops mode: 32-bit

CDS archive(s) mapped at: [0x0000025fa6000000-0x0000025fa6ba0000-0x0000025fa6ba0000), size 12189696, SharedBaseAddress: 0x0000025fa6000000, ArchiveRelocationMode: 1.
Compressed class space mapped at: 0x0000025fa7000000-0x0000025fe7000000, reserved size: 1073741824
Narrow klass base: 0x0000025fa6000000, Narrow klass shift: 0, Narrow klass range: 0x100000000

GC Precious Log:
 CardTable entry size: 512
 CPUs: 4 total, 4 available
 Memory: 15783M
 Large Page Support: Disabled
 NUMA Support: Disabled
 Compressed Oops: Enabled (32-bit)
 Alignments: Space 512K, Generation 512K, Heap 2M
 Heap Min Capacity: 100M
 Heap Initial Capacity: 100M
 Heap Max Capacity: 2G
 Pre-touch: Disabled
 Parallel Workers: 4

Heap:
 PSYoungGen      total 29696K, used 14939K [0x00000000d5580000, 0x00000000d7680000, 0x0000000100000000)
  eden space 25600K, 58% used [0x00000000d5580000,0x00000000d6416e48,0x00000000d6e80000)
  from space 4096K, 0% used [0x00000000d7280000,0x00000000d7280000,0x00000000d7680000)
  to   space 4096K, 0% used [0x00000000d6e80000,0x00000000d6e80000,0x00000000d7280000)
 ParOldGen       total 68608K, used 0K [0x0000000080000000, 0x0000000084300000, 0x00000000d5580000)
  object space 68608K, 0% used [0x0000000080000000,0x0000000080000000,0x0000000084300000)
 Metaspace       used 2894K, committed 3072K, reserved 1114112K
  class space    used 299K, committed 384K, reserved 1048576K

Card table byte_map: [0x0000025f8e970000,0x0000025f8ed80000] _byte_map_base: 0x0000025f8e570000

Marking Bits: (ParMarkBitMap*) 0x00007ffc6f252460
 Begin Bits: [0x0000025fa1480000, 0x0000025fa3480000)
 End Bits:   [0x0000025fa3480000, 0x0000025fa5480000)

Polling page: 0x0000025f8ce10000

Metaspace:

Usage:
  Non-class:      2.53 MB used.
      Class:    299.05 KB used.
       Both:      2.83 MB used.

Virtual space:
  Non-class space:       64.00 MB reserved,       2.62 MB (  4%) committed,  1 nodes.
      Class space:        1.00 GB reserved,     384.00 KB ( <1%) committed,  1 nodes.
             Both:        1.06 GB reserved,       3.00 MB ( <1%) committed. 

Chunk freelists:
   Non-Class:  11.62 MB
       Class:  15.67 MB
        Both:  27.29 MB

MaxMetaspaceSize: unlimited
CompressedClassSpaceSize: 1.00 GB
Initial GC threshold: 21.00 MB
Current GC threshold: 21.00 MB
CDS: on
 - commit_granule_bytes: 65536.
 - commit_granule_words: 8192.
 - virtual_space_node_default_size: 8388608.
 - enlarge_chunks_in_place: 1.
 - use_allocation_guard: 0.


Internal statistics:

num_allocs_failed_limit: 0.
num_arena_births: 82.
num_arena_deaths: 0.
num_vsnodes_births: 2.
num_vsnodes_deaths: 0.
num_space_committed: 48.
num_space_uncommitted: 0.
num_chunks_returned_to_freelist: 0.
num_chunks_taken_from_freelist: 104.
num_chunk_merges: 0.
num_chunk_splits: 74.
num_chunks_enlarged: 47.
num_inconsistent_stats: 0.

CodeHeap 'non-profiled nmethods': size=120000Kb used=300Kb max_used=300Kb free=119700Kb
 bounds [0x0000025f99ca0000, 0x0000025f99f10000, 0x0000025fa11d0000]
CodeHeap 'profiled nmethods': size=120000Kb used=1153Kb max_used=1153Kb free=118846Kb
 bounds [0x0000025f921d0000, 0x0000025f92440000, 0x0000025f99700000]
CodeHeap 'non-nmethods': size=5760Kb used=1182Kb max_used=1199Kb free=4577Kb
 bounds [0x0000025f99700000, 0x0000025f99970000, 0x0000025f99ca0000]
CodeCache: size=245760Kb, used=2635Kb, max_used=2652Kb, free=243123Kb
 total_blobs=1184, nmethods=742, adapters=349, full_count=0
Compilation: enabled, stopped_count=0, restarted_count=0

Compilation events (20 events):
Event: 2.616 Thread 0x0000025f8ef28ca0  728       3       java.lang.String::toLowerCase (29 bytes)
Event: 2.616 Thread 0x0000025f8ef28ca0 nmethod 728 0x0000025f922e6610 code [0x0000025f922e67e0, 0x0000025f922e6a98]
Event: 2.616 Thread 0x0000025f8ef28ca0  729       3       java.security.Provider$ServiceKey::<init> (39 bytes)
Event: 2.617 Thread 0x0000025f8ef28ca0 nmethod 729 0x0000025f922e6b90 code [0x0000025f922e6d80, 0x0000025f922e71c0]
Event: 2.617 Thread 0x0000025f8ef28ca0  730       3       java.lang.String::valueOf (15 bytes)
Event: 2.617 Thread 0x0000025f8ef28ca0 nmethod 730 0x0000025f922e7390 code [0x0000025f922e7540, 0x0000025f922e7748]
Event: 2.617 Thread 0x0000025f8ef28ca0  731       1       java.security.Provider$UString::toString (5 bytes)
Event: 2.617 Thread 0x0000025f8ef28ca0 nmethod 731 0x0000025f99ce7110 code [0x0000025f99ce72a0, 0x0000025f99ce7368]
Event: 2.617 Thread 0x0000025f8ef28ca0  732       1       java.security.Provider$Service::getProvider (5 bytes)
Event: 2.618 Thread 0x0000025f8ef28ca0 nmethod 732 0x0000025f99ce7410 code [0x0000025f99ce75a0, 0x0000025f99ce7668]
Event: 2.618 Thread 0x0000025f8ef28ca0  734       1       java.security.Provider$Service::getClassName (5 bytes)
Event: 2.618 Thread 0x0000025f8ef28ca0 nmethod 734 0x0000025f99ce7b90 code [0x0000025f99ce7d20, 0x0000025f99ce7de8]
Event: 2.619 Thread 0x0000025f8ef28ca0  736       3       sun.security.provider.SHA2::implCompress0 (448 bytes)
Event: 2.620 Thread 0x0000025f8ef28ca0 nmethod 736 0x0000025f922e7810 code [0x0000025f922e7a60, 0x0000025f922e8610]
Event: 2.621 Thread 0x0000025f8ef28ca0  738       3       sun.security.provider.ByteArrayAccess::b2iBig64 (231 bytes)
Event: 2.628 Thread 0x0000025f8ef28ca0 nmethod 738 0x0000025f922e8d10 code [0x0000025f922e9560, 0x0000025f922ee0f0]
Event: 2.628 Thread 0x0000025f8ef28ca0  739       3       sun.security.provider.SHA2::implCompress (13 bytes)
Event: 2.629 Thread 0x0000025f8ef28ca0 nmethod 739 0x0000025f922ef590 code [0x0000025f922ef780, 0x0000025f922efbb8]
Event: 2.629 Thread 0x0000025f8ef28ca0  740       3       sun.security.provider.SHA2::implCompressCheck (18 bytes)
Event: 2.629 Thread 0x0000025f8ef28ca0 nmethod 740 0x0000025f922efe10 code [0x0000025f922effe0, 0x0000025f922f0370]

GC Heap History (0 events):
No events

Dll operation events (8 events):
Event: 0.014 Loaded shared library c:\Users\aymna\.vscode\extensions\redhat.java-1.50.0-win32-x64\jre\21.0.9-win32-x86_64\bin\java.dll
Event: 0.592 Loaded shared library c:\Users\aymna\.vscode\extensions\redhat.java-1.50.0-win32-x64\jre\21.0.9-win32-x86_64\bin\zip.dll
Event: 0.673 Loaded shared library C:\Users\aymna\.vscode\extensions\redhat.java-1.50.0-win32-x64\jre\21.0.9-win32-x86_64\bin\instrument.dll
Event: 0.682 Loaded shared library C:\Users\aymna\.vscode\extensions\redhat.java-1.50.0-win32-x64\jre\21.0.9-win32-x86_64\bin\net.dll
Event: 0.686 Loaded shared library C:\Users\aymna\.vscode\extensions\redhat.java-1.50.0-win32-x64\jre\21.0.9-win32-x86_64\bin\nio.dll
Event: 0.692 Loaded shared library C:\Users\aymna\.vscode\extensions\redhat.java-1.50.0-win32-x64\jre\21.0.9-win32-x86_64\bin\zip.dll
Event: 0.757 Loaded shared library C:\Users\aymna\.vscode\extensions\redhat.java-1.50.0-win32-x64\jre\21.0.9-win32-x86_64\bin\jimage.dll
Event: 1.149 Loaded shared library c:\Users\aymna\.vscode\extensions\redhat.java-1.50.0-win32-x64\jre\21.0.9-win32-x86_64\bin\verify.dll

Deoptimization events (20 events):
Event: 2.519 Thread 0x0000025f8cd26670 DEOPT PACKING pc=0x0000025f922d2b84 sp=0x000000c3c18fd280
Event: 2.519 Thread 0x0000025f8cd26670 DEOPT UNPACKING pc=0x0000025f99754242 sp=0x000000c3c18fc6d8 mode 0
Event: 2.519 Thread 0x0000025f8cd26670 DEOPT PACKING pc=0x0000025f922d2b84 sp=0x000000c3c18fd280
Event: 2.519 Thread 0x0000025f8cd26670 DEOPT UNPACKING pc=0x0000025f99754242 sp=0x000000c3c18fc6d8 mode 0
Event: 2.519 Thread 0x0000025f8cd26670 DEOPT PACKING pc=0x0000025f922d2b84 sp=0x000000c3c18fd200
Event: 2.519 Thread 0x0000025f8cd26670 DEOPT UNPACKING pc=0x0000025f99754242 sp=0x000000c3c18fc658 mode 0
Event: 2.519 Thread 0x0000025f8cd26670 DEOPT PACKING pc=0x0000025f922d2b84 sp=0x000000c3c18fd280
Event: 2.519 Thread 0x0000025f8cd26670 DEOPT UNPACKING pc=0x0000025f99754242 sp=0x000000c3c18fc6d8 mode 0
Event: 2.519 Thread 0x0000025f8cd26670 DEOPT PACKING pc=0x0000025f922d2b84 sp=0x000000c3c18fd280
Event: 2.519 Thread 0x0000025f8cd26670 DEOPT UNPACKING pc=0x0000025f99754242 sp=0x000000c3c18fc6d8 mode 0
Event: 2.519 Thread 0x0000025f8cd26670 DEOPT PACKING pc=0x0000025f922d2b84 sp=0x000000c3c18fd200
Event: 2.519 Thread 0x0000025f8cd26670 DEOPT UNPACKING pc=0x0000025f99754242 sp=0x000000c3c18fc658 mode 0
Event: 2.519 Thread 0x0000025f8cd26670 DEOPT PACKING pc=0x0000025f922d2b84 sp=0x000000c3c18fd280
Event: 2.520 Thread 0x0000025f8cd26670 DEOPT UNPACKING pc=0x0000025f99754242 sp=0x000000c3c18fc6d8 mode 0
Event: 2.520 Thread 0x0000025f8cd26670 DEOPT PACKING pc=0x0000025f922d2b84 sp=0x000000c3c18fd280
Event: 2.520 Thread 0x0000025f8cd26670 DEOPT UNPACKING pc=0x0000025f99754242 sp=0x000000c3c18fc6d8 mode 0
Event: 2.535 Thread 0x0000025f8cd26670 Uncommon trap: trap_request=0xffffff6e fr.pc=0x0000025f99ce54ac relative=0x000000000000020c
Event: 2.535 Thread 0x0000025f8cd26670 Uncommon trap: reason=loop_limit_check action=maybe_recompile pc=0x0000025f99ce54ac method=java.math.BigInteger.implMulAdd([I[IIII)I @ 26 c2
Event: 2.535 Thread 0x0000025f8cd26670 DEOPT PACKING pc=0x0000025f99ce54ac sp=0x000000c3c18fd460
Event: 2.535 Thread 0x0000025f8cd26670 DEOPT UNPACKING pc=0x0000025f99753aa2 sp=0x000000c3c18fd3b0 mode 2

Classes loaded (20 events):
Event: 2.609 Loading class java/security/interfaces/ECKey
Event: 2.609 Loading class java/security/interfaces/ECKey done
Event: 2.610 Loading class java/security/interfaces/XECKey
Event: 2.610 Loading class java/security/interfaces/XECKey done
Event: 2.610 Loading class sun/security/util/KeyUtil
Event: 2.610 Loading class sun/security/util/KeyUtil done
Event: 2.610 Loading class sun/security/util/Length
Event: 2.611 Loading class sun/security/util/Length done
Event: 2.611 Loading class javax/crypto/SecretKey
Event: 2.611 Loading class javax/crypto/SecretKey done
Event: 2.613 Loading class java/util/Base64
Event: 2.613 Loading class java/util/Base64 done
Event: 2.613 Loading class java/util/Base64$Decoder
Event: 2.613 Loading class java/util/Base64$Decoder done
Event: 2.613 Loading class java/util/Base64$Encoder
Event: 2.614 Loading class java/util/Base64$Encoder done
Event: 2.614 Loading class java/util/jar/JarVerifier$VerifierStream
Event: 2.614 Loading class java/util/jar/JarVerifier$VerifierStream done
Event: 2.615 Loading class sun/security/util/ManifestEntryVerifier$SunProviderHolder
Event: 2.615 Loading class sun/security/util/ManifestEntryVerifier$SunProviderHolder done

Classes unloaded (0 events):
No events

Classes redefined (0 events):
No events

Internal exceptions (12 events):
Event: 0.546 Thread 0x0000025f8cd26670 Exception <a 'java/lang/NoSuchMethodError'{0x00000000d57a91e8}: 'void java.lang.invoke.DirectMethodHandle$Holder.invokeStatic(java.lang.Object, java.lang.Object, java.lang.Object)'> (0x00000000d57a91e8) 
thrown [s\src\hotspot\share\interpreter\linkResolver.cpp, line 773]
Event: 0.746 Thread 0x0000025f8cd26670 Exception <a 'java/lang/NoSuchMethodError'{0x00000000d5911cc0}: 'java.lang.Object java.lang.invoke.Invokers$Holder.invokeExact_MT(java.lang.Object, java.lang.Object, java.lang.Object, java.lang.Object, java.lang.Object)'> (0x00000000d5911cc0) 
thrown [s\src\hotspot\share\interpreter\linkResolver.cpp, line 773]
Event: 0.943 Thread 0x0000025f8cd26670 Exception <a 'java/lang/NoSuchMethodError'{0x00000000d59ca2c0}: 'int java.lang.invoke.DirectMethodHandle$Holder.invokeSpecial(java.lang.Object, java.lang.Object, java.lang.Object, int)'> (0x00000000d59ca2c0) 
thrown [s\src\hotspot\share\interpreter\linkResolver.cpp, line 773]
Event: 0.947 Thread 0x0000025f8cd26670 Exception <a 'java/lang/NoSuchMethodError'{0x00000000d59dcca8}: 'java.lang.Object java.lang.invoke.DirectMethodHandle$Holder.invokeStatic(java.lang.Object, java.lang.Object, java.lang.Object, java.lang.Object, int)'> (0x00000000d59dcca8) 
thrown [s\src\hotspot\share\interpreter\linkResolver.cpp, line 773]
Event: 0.950 Thread 0x0000025f8cd26670 Exception <a 'java/lang/NoSuchMethodError'{0x00000000d59e80e8}: 'void java.lang.invoke.DelegatingMethodHandle$Holder.reinvoke_L(java.lang.Object, java.lang.Object, java.lang.Object, int, java.lang.Object)'> (0x00000000d59e80e8) 
thrown [s\src\hotspot\share\interpreter\linkResolver.cpp, line 773]
Event: 0.991 Thread 0x0000025f8cd26670 Exception <a 'java/lang/NoSuchMethodError'{0x00000000d59f8a38}: 'int java.lang.invoke.DirectMethodHandle$Holder.invokeSpecial(java.lang.Object, java.lang.Object, java.lang.Object)'> (0x00000000d59f8a38) 
thrown [s\src\hotspot\share\interpreter\linkResolver.cpp, line 773]
Event: 0.997 Thread 0x0000025f8cd26670 Exception <a 'java/lang/NoSuchMethodError'{0x00000000d5a046f8}: 'java.lang.Object java.lang.invoke.DirectMethodHandle$Holder.invokeStatic(java.lang.Object, java.lang.Object, int)'> (0x00000000d5a046f8) 
thrown [s\src\hotspot\share\interpreter\linkResolver.cpp, line 773]
Event: 0.998 Thread 0x0000025f8cd26670 Exception <a 'java/lang/NoSuchMethodError'{0x00000000d5a09048}: 'void java.lang.invoke.DirectMethodHandle$Holder.invokeStatic(java.lang.Object, java.lang.Object, int, java.lang.Object)'> (0x00000000d5a09048) 
thrown [s\src\hotspot\share\interpreter\linkResolver.cpp, line 773]
Event: 0.999 Thread 0x0000025f8cd26670 Exception <a 'java/lang/NoSuchMethodError'{0x00000000d5a0cbd8}: 'void java.lang.invoke.DirectMethodHandle$Holder.invokeSpecial(java.lang.Object, java.lang.Object, java.lang.Object, int, java.lang.Object)'> (0x00000000d5a0cbd8) 
thrown [s\src\hotspot\share\interpreter\linkResolver.cpp, line 773]
Event: 1.000 Thread 0x0000025f8cd26670 Exception <a 'java/lang/NoSuchMethodError'{0x00000000d5a10048}: 'void java.lang.invoke.DelegatingMethodHandle$Holder.delegate(java.lang.Object, java.lang.Object, int, java.lang.Object)'> (0x00000000d5a10048) 
thrown [s\src\hotspot\share\interpreter\linkResolver.cpp, line 773]
Event: 1.367 Thread 0x0000025f8cd26670 Exception <a 'java/lang/NoSuchMethodError'{0x00000000d5bcfb80}: 'void java.lang.invoke.DelegatingMethodHandle$Holder.reinvoke_L(java.lang.Object, java.lang.Object, java.lang.Object, int)'> (0x00000000d5bcfb80) 
thrown [s\src\hotspot\share\interpreter\linkResolver.cpp, line 773]
Event: 2.095 Thread 0x0000025f8cd26670 Exception <a 'java/lang/NoSuchMethodError'{0x00000000d605b1c0}: 'void java.lang.invoke.DirectMethodHandle$Holder.invokeVirtual(java.lang.Object, java.lang.Object)'> (0x00000000d605b1c0) 
thrown [s\src\hotspot\share\interpreter\linkResolver.cpp, line 773]

ZGC Phase Switch (0 events):
No events

VM Operations (8 events):
Event: 0.588 Executing VM operation: HandshakeAllThreads (Deoptimize)
Event: 0.588 Executing VM operation: HandshakeAllThreads (Deoptimize) done
Event: 0.831 Executing VM operation: HandshakeAllThreads (Deoptimize)
Event: 0.831 Executing VM operation: HandshakeAllThreads (Deoptimize) done
Event: 1.832 Executing VM operation: Cleanup
Event: 1.864 Executing VM operation: Cleanup done
Event: 2.611 Executing VM operation: HandshakeAllThreads (Deoptimize)
Event: 2.611 Executing VM operation: HandshakeAllThreads (Deoptimize) done

Memory protections (0 events):
No events

Nmethod flushes (0 events):
No events

Events (12 events):
Event: 0.077 Thread 0x0000025f8cd26670 Thread added: 0x0000025f8cd26670
Event: 0.157 Thread 0x0000025f8cd26670 Thread added: 0x0000025f8eeae400
Event: 0.157 Thread 0x0000025f8cd26670 Thread added: 0x0000025f8eeafd00
Event: 0.158 Thread 0x0000025f8cd26670 Thread added: 0x0000025f8eeb1600
Event: 0.158 Thread 0x0000025f8cd26670 Thread added: 0x0000025f8eeb2510
Event: 0.158 Thread 0x0000025f8cd26670 Thread added: 0x0000025f8eeb6460
Event: 0.158 Thread 0x0000025f8cd26670 Thread added: 0x0000025f8eeb6eb0
Event: 0.158 Thread 0x0000025f8cd26670 Thread added: 0x0000025f8eeb7ce0
Event: 0.287 Thread 0x0000025f8cd26670 Thread added: 0x0000025f8ef28ca0
Event: 0.676 Thread 0x0000025f8cd26670 Thread added: 0x0000025fe76884d0
Event: 1.679 Thread 0x0000025f8cd26670 Thread added: 0x0000025fe77c7bd0
Event: 1.776 Thread 0x0000025f8ef28ca0 Thread added: 0x0000025fe78d8090


Dynamic libraries:
0x00007ff761240000 - 0x00007ff76124e000 	c:\Users\aymna\.vscode\extensions\redhat.java-1.50.0-win32-x64\jre\21.0.9-win32-x86_64\bin\java.exe
0x00007ffcbf790000 - 0x00007ffcbf988000 	C:\Windows\SYSTEM32\ntdll.dll
0x00007ffcbdea0000 - 0x00007ffcbdf62000 	C:\Windows\System32\KERNEL32.DLL
0x00007ffcbd410000 - 0x00007ffcbd706000 	C:\Windows\System32\KERNELBASE.dll
0x00007ffcbd310000 - 0x00007ffcbd410000 	C:\Windows\System32\ucrtbase.dll
0x00007ffcb56d0000 - 0x00007ffcb56e8000 	c:\Users\aymna\.vscode\extensions\redhat.java-1.50.0-win32-x64\jre\21.0.9-win32-x86_64\bin\jli.dll
0x00007ffcbe570000 - 0x00007ffcbe70d000 	C:\Windows\System32\USER32.dll
0x00007ffcbd1c0000 - 0x00007ffcbd1e2000 	C:\Windows\System32\win32u.dll
0x00007ffcbdf70000 - 0x00007ffcbdf9b000 	C:\Windows\System32\GDI32.dll
0x00007ffcbcf90000 - 0x00007ffcbd0a9000 	C:\Windows\System32\gdi32full.dll
0x00007ffcbd270000 - 0x00007ffcbd30d000 	C:\Windows\System32\msvcp_win.dll
0x00007ffcb4df0000 - 0x00007ffcb4e0e000 	c:\Users\aymna\.vscode\extensions\redhat.java-1.50.0-win32-x64\jre\21.0.9-win32-x86_64\bin\VCRUNTIME140.dll
0x00007ffca9430000 - 0x00007ffca96cb000 	C:\Windows\WinSxS\amd64_microsoft.windows.common-controls_6595b64144ccf1df_6.0.19041.6280_none_60bc30a171f2f3f3\COMCTL32.dll
0x00007ffcbf5e0000 - 0x00007ffcbf67e000 	C:\Windows\System32\msvcrt.dll
0x00007ffcbe540000 - 0x00007ffcbe56f000 	C:\Windows\System32\IMM32.DLL
0x00007ffcb4b30000 - 0x00007ffcb4b3c000 	c:\Users\aymna\.vscode\extensions\redhat.java-1.50.0-win32-x64\jre\21.0.9-win32-x86_64\bin\vcruntime140_1.dll
0x00007ffc88b10000 - 0x00007ffc88b9d000 	c:\Users\aymna\.vscode\extensions\redhat.java-1.50.0-win32-x64\jre\21.0.9-win32-x86_64\bin\msvcp140.dll
0x00007ffc6e590000 - 0x00007ffc6f330000 	c:\Users\aymna\.vscode\extensions\redhat.java-1.50.0-win32-x64\jre\21.0.9-win32-x86_64\bin\server\jvm.dll
0x00007ffcbdca0000 - 0x00007ffcbdd51000 	C:\Windows\System32\ADVAPI32.dll
0x00007ffcbdba0000 - 0x00007ffcbdc3f000 	C:\Windows\System32\sechost.dll
0x00007ffcbdd60000 - 0x00007ffcbde80000 	C:\Windows\System32\RPCRT4.dll
0x00007ffcbd0b0000 - 0x00007ffcbd0d7000 	C:\Windows\System32\bcrypt.dll
0x00007ffcbf680000 - 0x00007ffcbf6eb000 	C:\Windows\System32\WS2_32.dll
0x00007ffcbc3c0000 - 0x00007ffcbc40b000 	C:\Windows\SYSTEM32\POWRPROF.dll
0x00007ffca9710000 - 0x00007ffca9737000 	C:\Windows\SYSTEM32\WINMM.dll
0x00007ffcb55c0000 - 0x00007ffcb55ca000 	C:\Windows\SYSTEM32\VERSION.dll
0x00007ffcbc230000 - 0x00007ffcbc242000 	C:\Windows\SYSTEM32\UMPDC.dll
0x00007ffcbb650000 - 0x00007ffcbb662000 	C:\Windows\SYSTEM32\kernel.appcore.dll
0x00007ffcb4b20000 - 0x00007ffcb4b2a000 	c:\Users\aymna\.vscode\extensions\redhat.java-1.50.0-win32-x64\jre\21.0.9-win32-x86_64\bin\jimage.dll
0x00007ffcbac60000 - 0x00007ffcbae61000 	C:\Windows\SYSTEM32\DBGHELP.DLL
0x00007ffca5d30000 - 0x00007ffca5d64000 	C:\Windows\SYSTEM32\dbgcore.DLL
0x00007ffcbd0e0000 - 0x00007ffcbd162000 	C:\Windows\System32\bcryptPrimitives.dll
0x00007ffcba1d0000 - 0x00007ffcba1df000 	c:\Users\aymna\.vscode\extensions\redhat.java-1.50.0-win32-x64\jre\21.0.9-win32-x86_64\bin\instrument.dll
0x00007ffcb47b0000 - 0x00007ffcb47d0000 	c:\Users\aymna\.vscode\extensions\redhat.java-1.50.0-win32-x64\jre\21.0.9-win32-x86_64\bin\java.dll
0x00007ffcbeb40000 - 0x00007ffcbf2b0000 	C:\Windows\System32\SHELL32.dll
0x00007ffcbae90000 - 0x00007ffcbb635000 	C:\Windows\SYSTEM32\windows.storage.dll
0x00007ffcbd840000 - 0x00007ffcbdb93000 	C:\Windows\System32\combase.dll
0x00007ffcbc860000 - 0x00007ffcbc88b000 	C:\Windows\SYSTEM32\Wldp.dll
0x00007ffcbdfa0000 - 0x00007ffcbe06d000 	C:\Windows\System32\OLEAUT32.dll
0x00007ffcbe840000 - 0x00007ffcbe8ed000 	C:\Windows\System32\SHCORE.dll
0x00007ffcbe070000 - 0x00007ffcbe0cb000 	C:\Windows\System32\shlwapi.dll
0x00007ffcbcd60000 - 0x00007ffcbcd84000 	C:\Windows\SYSTEM32\profapi.dll
0x00007ffcb2110000 - 0x00007ffcb2128000 	c:\Users\aymna\.vscode\extensions\redhat.java-1.50.0-win32-x64\jre\21.0.9-win32-x86_64\bin\zip.dll
0x00007ffcb6480000 - 0x00007ffcb6490000 	C:\Users\aymna\.vscode\extensions\redhat.java-1.50.0-win32-x64\jre\21.0.9-win32-x86_64\bin\net.dll
0x00007ffcb2ac0000 - 0x00007ffcb2bca000 	C:\Windows\SYSTEM32\WINHTTP.dll
0x00007ffcbc5c0000 - 0x00007ffcbc62a000 	C:\Windows\system32\mswsock.dll
0x00007ffca6fb0000 - 0x00007ffca6fc6000 	C:\Users\aymna\.vscode\extensions\redhat.java-1.50.0-win32-x64\jre\21.0.9-win32-x86_64\bin\nio.dll
0x00007ffcba1c0000 - 0x00007ffcba1d0000 	c:\Users\aymna\.vscode\extensions\redhat.java-1.50.0-win32-x64\jre\21.0.9-win32-x86_64\bin\verify.dll

JVMTI agents:
c:\Users\aymna\.vscode\extensions\redhat.java-1.50.0-win32-x64\lombok\lombok-1.18.39-4050.jar path:c:\Users\aymna\.vscode\extensions\redhat.java-1.50.0-win32-x64\jre\21.0.9-win32-x86_64\bin\instrument.dll, loaded, initialized, instrumentlib options:none

dbghelp: loaded successfully - version: 4.0.5 - missing functions: none
symbol engine: initialized successfully - sym options: 0x614 - pdb path: .;c:\Users\aymna\.vscode\extensions\redhat.java-1.50.0-win32-x64\jre\21.0.9-win32-x86_64\bin;C:\Windows\SYSTEM32;C:\Windows\WinSxS\amd64_microsoft.windows.common-controls_6595b64144ccf1df_6.0.19041.6280_none_60bc30a171f2f3f3;c:\Users\aymna\.vscode\extensions\redhat.java-1.50.0-win32-x64\jre\21.0.9-win32-x86_64\bin\server

VM Arguments:
jvm_args: --add-modules=ALL-SYSTEM --add-opens=java.base/java.util=ALL-UNNAMED --add-opens=java.base/java.lang=ALL-UNNAMED --add-opens=java.base/sun.nio.fs=ALL-UNNAMED -Declipse.application=org.eclipse.jdt.ls.core.id1 -Dosgi.bundles.defaultStartLevel=4 -Declipse.product=org.eclipse.jdt.ls.core.product -Djava.import.generatesMetadataFilesAtProjectRoot=false -DDetectVMInstallationsJob.disabled=true -Dfile.encoding=utf8 -XX:+UseParallelGC -XX:GCTimeRatio=4 -XX:AdaptiveSizePolicyWeight=90 -Dsun.zip.disableMemoryMapping=true -Xmx2G -Xms100m -Xlog:disable -javaagent:c:\Users\aymna\.vscode\extensions\redhat.java-1.50.0-win32-x64\lombok\lombok-1.18.39-4050.jar -XX:+HeapDumpOnOutOfMemoryError -XX:HeapDumpPath=c:\Users\aymna\AppData\Roaming\Code\User\workspaceStorage\ec07a277240995c18f3b06316e893f1d\redhat.java -Daether.dependencyCollector.impl=bf 
java_command: c:\Users\aymna\.vscode\extensions\redhat.java-1.50.0-win32-x64\server\plugins\org.eclipse.equinox.launcher_1.7.100.v20251111-0406.jar -configuration c:\Users\aymna\AppData\Roaming\Code\User\globalStorage\redhat.java\1.50.0\config_win -data c:\Users\aymna\AppData\Roaming\Code\User\workspaceStorage\ec07a277240995c18f3b06316e893f1d\redhat.java\jdt_ws --pipe=\\.\pipe\lsp-f804f3ea2d58e89e678af47eaef509f4-sock
java_class_path (initial): c:\Users\aymna\.vscode\extensions\redhat.java-1.50.0-win32-x64\server\plugins\org.eclipse.equinox.launcher_1.7.100.v20251111-0406.jar
Launcher Type: SUN_STANDARD

[Global flags]
     bool UseCompressedOops                        = true                           {product lp64_product} {ergonomic}
     bool UseLargePagesIndividualAllocation        = false                                  {pd product} {ergonomic}
     bool HeapDumpOnOutOfMemoryError               = true                                   {manageable} {command line}
    ccstr HeapDumpPath                             = c:\Users\aymna\AppData\Roaming\Code\User\workspaceStorage\ec07a277240995c18f3b06316e893f1d\redhat.java         {manageable} {command line}
     intx CICompilerCount                          = 3                                         {product} {ergonomic}
   size_t MinHeapDeltaBytes                        = 524288                                    {product} {ergonomic}
     bool SegmentedCodeCache                       = true                                      {product} {ergonomic}
    uintx ReservedCodeCacheSize                    = 251658240                              {pd product} {ergonomic}
    uintx NonProfiledCodeHeapSize                  = 122912730                              {pd product} {ergonomic}
    uintx ProfiledCodeHeapSize                     = 122912730                              {pd product} {ergonomic}
    uintx NonNMethodCodeHeapSize                   = 5832780                                {pd product} {ergonomic}
     bool UseParallelGC                            = true                                      {product} {command line}
    uintx AdaptiveSizePolicyWeight                 = 90                                        {product} {command line}
    uintx GCTimeRatio                              = 4                                         {product} {command line}
   size_t MinHeapSize                              = 104857600                                 {product} {command line}
   size_t InitialHeapSize                          = 104857600                                 {product} {command line}
   size_t MaxHeapSize                              = 2147483648                                {product} {command line}
   size_t SoftMaxHeapSize                          = 2147483648                             {manageable} {ergonomic}
   size_t OldSize                                  = 70254592                                  {product} {ergonomic}
   size_t NewSize                                  = 34603008                                  {product} {ergonomic}
   size_t MaxNewSize                               = 715653120                                 {product} {ergonomic}

Logging:
Log output configuration:
 #0: stdout all=off uptime,level,tags foldmultilines=false
 #1: stderr all=off uptime,level,tags foldmultilines=false

Release file:
JAVA_VERSION="21.0.9" 
MODULES="java.base java.compiler java.datatransfer java.xml java.prefs java.desktop java.instrument java.logging java.management java.security.sasl java.naming java.rmi java.management.rmi java.net.http java.scripting java.security.jgss java.transaction.xa java.sql java.sql.rowset java.xml.crypto java.se java.smartcardio jdk.accessibility jdk.internal.jvmstat jdk.attach jdk.charsets jdk.internal.opt jdk.zipfs jdk.compiler jdk.crypto.ec jdk.crypto.cryptoki jdk.crypto.mscapi jdk.dynalink jdk.internal.ed jdk.editpad jdk.hotspot.agent jdk.httpserver jdk.internal.le jdk.internal.vm.ci jdk.internal.vm.compiler jdk.internal.vm.compiler.management jdk.jartool jdk.javadoc jdk.jcmd jdk.management jdk.management.agent jdk.jconsole jdk.jdeps jdk.jdwp.agent jdk.jdi jdk.jfr jdk.jshell jdk.jsobject jdk.jstatd jdk.localedata jdk.management.jfr jdk.naming.dns jdk.naming.rmi jdk.net jdk.nio.mapmode jdk.random jdk.sctp jdk.security.auth jdk.security.jgss jdk.unsupported jdk.unsupported.desktop jdk.xml.dom" 

Environment Variables:
PATH=C:\Program Files (x86)\VMware\VMware Workstation\bin\;C:\Program Files\Common Files\Oracle\Java\javapath;C:\Windows\system32;C:\Windows;C:\Windows\System32\Wbem;C:\Windows\System32\WindowsPowerShell\v1.0\;C:\Windows\System32\OpenSSH\;C:\Program Files (x86)\Windows Kits\10\Windows Performance Toolkit\;C:\Program Files\dotnet\;C:\Program Files\Git\cmd;C:\Program Files (x86)\Microsoft SQL Server\160\Tools\Binn\;C:\Program Files\Microsoft SQL Server\160\Tools\Binn\;C:\Program Files\Microsoft SQL Server\Client SDK\ODBC\170\Tools\Binn\;C:\Program Files\Microsoft SQL Server\160\DTS\Binn\;C:\Program Files\Microsoft SQL Server\150\Tools\Binn\;C:\Program Files\nodejs\;C:\Program Files\MySQL\MySQL Shell 8.0\bin\;C:\Users\aymna\AppData\Local\Programs\Python\Launcher\;C:\Users\aymna\AppData\Local\Microsoft\WindowsApps;C:\MinGW\bin;C:\Users\aymna\AppData\Local\Programs\Microsoft VS Code\bin;C:\Users\aymna\AppData\Local\Programs\cursor\resources\app\bin;C:\Users\aymna\.dotnet\tools;C:\Users\aymna\AppData\Local\GitHubDesktop\bin;C:\Users\aymna\flutter\flutter\bin;C:\Users\aymna\AppData\Local\Pub\Cache\bin;C:\Users\aymna\AppData\Roaming\npm
USERNAME=aymna
OS=Windows_NT
PROCESSOR_IDENTIFIER=Intel64 Family 6 Model 78 Stepping 3, GenuineIntel
TMP=C:\Users\aymna\AppData\Local\Temp
TEMP=C:\Users\aymna\AppData\Local\Temp




Periodic native trim disabled

---------------  S Y S T E M  ---------------

OS:
 Windows 10 , 64 bit Build 19041 (10.0.19041.5915)
OS uptime: 0 days 3:14 hours

CPU: total 4 (initial active 4) (2 cores per cpu, 2 threads per core) family 6 model 78 stepping 3 microcode 0xec, cx8, cmov, fxsr, ht, mmx, 3dnowpref, sse, sse2, sse3, ssse3, sse4.1, sse4.2, popcnt, lzcnt, tsc, tscinvbit, avx, avx2, aes, erms, clmul, bmi1, bmi2, rtm, adx, fma, vzeroupper, clflush, clflushopt, rdtscp, f16c
Processor Information for the first 4 processors :
  Max Mhz: 2808, Current Mhz: 802, Mhz Limit: 786

Memory: 4k page, system-wide physical 15783M (5123M free)
TotalPageFile size 23975M (AvailPageFile size 1M)
current process WorkingSet (physical memory assigned to process): 57M, peak: 58M
current process commit charge ("private bytes"): 216M, peak: 217M

vm_info: OpenJDK 64-Bit Server VM (21.0.9+10-LTS) for windows-amd64 JRE (21.0.9+10-LTS), built on 2025-10-21T00:00:00Z by "admin" with unknown MS VC++:1942

END.
